next.config.ts(6,5): error TS2353: Object literal may only specify known properties, and 'allowedDevOrigins' does not exist in type 'ExperimentalConfig'.
